../Core/Src/ina226.c:10:7:ina226_getBusVoltage	24	static
../Core/Src/ina226.c:15:7:ina226_getCurrent	24	static
../Core/Src/ina226.c:20:7:ina226_getPower	24	static
../Core/Src/ina226.c:25:7:ina226_getShuntVoltage	24	static
../Core/Src/ina226.c:30:9:ina226_setConfig	32	static
../Core/Src/ina226.c:40:10:ina226_getConfig	32	static
../Core/Src/ina226.c:53:6:ina226_setAVG	24	static
../Core/Src/ina226.c:61:6:ina226_setMODE	24	static
../Core/Src/ina226.c:70:6:ina226_setVBUSCT	24	static
../Core/Src/ina226.c:79:6:ina226_setVSHUNTCT	24	static
../Core/Src/ina226.c:88:6:ina226_setRSHUNT	32	static
../Core/Src/ina226.c:95:9:ina226_getShuntVoltageReg	40	static
../Core/Src/ina226.c:121:10:ina226_getBusVoltageReg	40	static
../Core/Src/ina226.c:144:10:ina226_getPowerReg	40	static
../Core/Src/ina226.c:160:9:ina226_getCurrentReg	40	static
../Core/Src/ina226.c:186:9:ina226_setCalibrationReg	32	static
../Core/Src/ina226.c:196:10:ina226_getCalibrationReg	32	static
../Core/Src/ina226.c:208:23:ina226_getCalReg	64	static
../Core/Src/ina226.c:230:6:ina226_getResult	24	static
../Core/Src/ina226.c:256:6:ina226_clearResult	16	static
../Core/Src/ina226.c:263:10:ina226_getManufID	32	static
../Core/Src/ina226.c:276:10:ina226_getDieID	32	static
../Core/Src/ina226.c:289:9:ina226_setMaskEnable	32	static
../Core/Src/ina226.c:299:10:ina226_getMaskEnable	32	static
../Core/Src/ina226.c:312:9:ina226_setAlertLimit	32	static
../Core/Src/ina226.c:322:10:ina226_getAlertLimit	32	static
../Core/Src/ina226.c:335:6:ina226_channelInit	16	static
../Core/Src/ina226.c:340:6:ina226_setBusUnderVoltageAlert	16	static
../Core/Src/ina226.c:345:6:ina226_setBusOverVoltageAlert	16	static
../Core/Src/ina226.c:350:6:ina226_setBusVoltageLimit	24	static
../Core/Src/ina226.c:355:6:ina226_setShuntOverVoltageAlert	16	static
../Core/Src/ina226.c:359:6:ina226_setShuntUnderVoltageAlert	16	static
../Core/Src/ina226.c:364:6:ina226_setShuntVoltageLimit	24	static
../Core/Src/ina226.c:369:6:ina226_setOverPowerAlert	16	static
../Core/Src/ina226.c:374:6:ina226_setPowerLimit	24	static
../Core/Src/ina226.c:379:6:ina226_setOverCurrentAlert	16	static
../Core/Src/ina226.c:384:6:ina226_setUnderCurrentAlert	16	static
../Core/Src/ina226.c:389:6:ina226_setCurrentLimit	24	static
