../Core/Src/registers.c:17:6:registerMap	144	static
../Core/Src/registers.c:64:6:reg0Handler	8	static
../Core/Src/registers.c:70:6:reg1Handler	8	static
../Core/Src/registers.c:76:6:reg2Handler	4	static
../Core/Src/registers.c:91:6:reg3Handler	4	static
../Core/Src/registers.c:100:6:reg4Handler	8	static
../Core/Src/registers.c:118:6:reg5Handler	4	static
../Core/Src/registers.c:128:6:reg6Handler	4	static
../Core/Src/registers.c:136:6:reg7Handler	8	static
../Core/Src/registers.c:195:6:reg8Handler	4	static
../Core/Src/registers.c:201:6:reg9Handler	4	static
../Core/Src/registers.c:207:6:reg10Handler	4	static
../Core/Src/registers.c:213:6:reg11Handler	4	static
../Core/Src/registers.c:219:6:reg12Handler	8	static
../Core/Src/registers.c:228:6:reg13Handler	8	static
../Core/Src/registers.c:237:6:reg14Handler	8	static
../Core/Src/registers.c:247:6:reg15Handler	8	static
../Core/Src/registers.c:257:6:reg16Handler	8	static
../Core/Src/registers.c:297:6:reg17Handler	8	static
../Core/Src/registers.c:331:6:reg18Handler	8	static
../Core/Src/registers.c:348:6:reg19Handler	4	static
../Core/Src/registers.c:356:6:reg20Handler	4	static
../Core/Src/registers.c:364:6:reg21Handler	4	static
../Core/Src/registers.c:371:6:reg22Handler	4	static
../Core/Src/registers.c:378:6:reg23Handler	4	static
../Core/Src/registers.c:383:6:reg24Handler	4	static
../Core/Src/registers.c:388:6:reg25Handler	4	static
../Core/Src/registers.c:393:6:reg26Handler	4	static
../Core/Src/registers.c:398:6:reg27Handler	4	static
../Core/Src/registers.c:403:6:reg28Handler	4	static
../Core/Src/registers.c:408:6:reg29Handler	4	static
../Core/Src/registers.c:413:6:reg30Handler	4	static
../Core/Src/registers.c:418:6:reg31Handler	8	static
../Core/Src/registers.c:427:6:defaultSettings	16	static
../Core/Src/registers.c:650:6:loadSettingFromBuffer	16	static
