../Core/Src/ssd1306.c:8:6:ssd1306_Reset	4	static
../Core/Src/ssd1306.c:14:6:ssd1306_WriteCommand	32	static
../Core/Src/ssd1306.c:21:6:ssd1306_WriteData	32	static
../Core/Src/ssd1306.c:69:17:ssd1306_FillBuffer	24	static
../Core/Src/ssd1306.c:81:6:ssd1306_Init	8	static
../Core/Src/ssd1306.c:184:6:ssd1306_Fill	24	static
../Core/Src/ssd1306.c:196:6:ssd1306_UpdateScreen	16	static
../Core/Src/ssd1306.c:217:6:ssd1306_DrawPixel	16	static
../Core/Src/ssd1306.c:246:6:ssd1306_WriteChar	48	static
../Core/Src/ssd1306.c:286:6:ssd1306_WriteString	24	static
../Core/Src/ssd1306.c:306:6:ssd1306_SetCursor	16	static
../Core/Src/ssd1306.c:313:6:ssd1306_Line	48	static
../Core/Src/ssd1306.c:350:6:ssd1306_Polyline	40	static
../Core/Src/ssd1306.c:367:14:ssd1306_DegToRad	16	static
../Core/Src/ssd1306.c:372:17:ssd1306_NormalizeTo0_360	24	static
../Core/Src/ssd1306.c:390:6:ssd1306_DrawArc	56	static
../Core/Src/ssd1306.c:428:6:ssd1306_DrawCircle	40	static
../Core/Src/ssd1306.c:480:6:ssd1306_DrawRectangle	32	static
../Core/Src/ssd1306.c:490:6:ssd1306_SetContrast	24	static
../Core/Src/ssd1306.c:497:6:ssd1306_SetDisplayOn	24	static
../Core/Src/ssd1306.c:513:9:ssd1306_GetDisplayOn	4	static
