../Core/Src/freertos.c:213:6:startLED1Task	8	static
../Core/Src/freertos.c:232:6:startUARTTask	8	static
../Core/Src/freertos.c:305:6:startLED2Task	8	static
../Core/Src/freertos.c:268:6:startFetchReadingTask	8	static
../Core/Src/freertos.c:250:6:startOLEDUpdateTask	8	static
../Core/Src/freertos.c:287:6:startRegUpdateTask	8	static
../Core/Src/freertos.c:84:13:vApplicationIdleHook	0	static
../Core/Src/freertos.c:99:13:vApplicationTickHook	0	static
../Core/Src/freertos.c:110:13:vApplicationStackOverflowHook	0	static
../Core/Src/freertos.c:119:13:vApplicationMallocFailedHook	0	static
../Core/Src/freertos.c:138:6:vApplicationGetIdleTaskMemory	0	static
../Core/Src/freertos.c:153:6:MX_FREERTOS_Init	184	static
