../Core/Src/ssd1306.c:8:6:ssd1306_Reset	0	static
../Core/Src/ssd1306.c:14:6:ssd1306_WriteCommand	32	static
../Core/Src/ssd1306.c:21:6:ssd1306_WriteData	24	static
../Core/Src/ssd1306.c:69:17:ssd1306_FillBuffer	8	static
../Core/Src/ssd1306.c:184:6:ssd1306_Fill	0	static
../Core/Src/ssd1306.c:196:6:ssd1306_UpdateScreen	16	static
../Core/Src/ssd1306.c:217:6:ssd1306_DrawPixel	12	static
../Core/Src/ssd1306.c:246:6:ssd1306_WriteChar	64	static
../Core/Src/ssd1306.c:288:6:ssd1306_WriteString	32	static
../Core/Src/ssd1306.c:308:6:ssd1306_SetCursor	0	static
../Core/Src/ssd1306.c:315:6:ssd1306_Line	48	static
../Core/Src/ssd1306.c:352:6:ssd1306_Polyline	32	static
../Core/Src/ssd1306.c:394:6:ssd1306_DrawArc	104	static
../Core/Src/ssd1306.c:433:6:ssd1306_DrawCircle	48	static
../Core/Src/ssd1306.c:486:6:ssd1306_DrawRectangle	32	static
../Core/Src/ssd1306.c:497:6:ssd1306_SetContrast	8	static
../Core/Src/ssd1306.c:504:6:ssd1306_SetDisplayOn	0	static
../Core/Src/ssd1306.c:81:6:ssd1306_Init	8	static
../Core/Src/ssd1306.c:520:9:ssd1306_GetDisplayOn	0	static
