../Core/Src/stm32f4xx_it.c:73:6:NMI_Handler	0	static
../Core/Src/stm32f4xx_it.c:88:6:HardFault_Handler	0	static
../Core/Src/stm32f4xx_it.c:103:6:MemManage_Handler	0	static
../Core/Src/stm32f4xx_it.c:118:6:BusFault_Handler	0	static
../Core/Src/stm32f4xx_it.c:133:6:UsageFault_Handler	0	static
../Core/Src/stm32f4xx_it.c:148:6:DebugMon_Handler	0	static
../Core/Src/stm32f4xx_it.c:168:6:EXTI3_IRQHandler	0	static
../Core/Src/stm32f4xx_it.c:182:6:EXTI4_IRQHandler	0	static
../Core/Src/stm32f4xx_it.c:196:6:TIM1_UP_TIM10_IRQHandler	0	static
../Core/Src/stm32f4xx_it.c:210:6:TIM4_IRQHandler	0	static
../Core/Src/stm32f4xx_it.c:224:6:EXTI15_10_IRQHandler	8	static
../Core/Src/stm32f4xx_it.c:240:6:DMA2_Stream0_IRQHandler	0	static
../Core/Src/stm32f4xx_it.c:254:6:OTG_FS_IRQHandler	0	static
